  Determining projects to restore...
  All projects are up-to-date for restore.
  VisitorManagementSystem.Api -> /home/ahamdan/Desktop/development/vms/VisitorManagementSystem.Api/bin/Debug/net9.0/VisitorManagementSystem.Api.dll

Build succeeded.
    0 Warning(s)
    0 Error(s)

Time Elapsed 00:00:02.03
